  console.log
    InterviewScreen candidateId: test-candidate-123

      at log (src/features/interview/InterviewScreen.tsx:57:11)

  console.log
    InterviewScreen candidateId: test-candidate-123

      at log (src/features/interview/InterviewScreen.tsx:57:11)

  console.log
    InterviewScreen candidateId: test-candidate-123

      at log (src/features/interview/InterviewScreen.tsx:57:11)

  console.log
    InterviewScreen candidateId: test-candidate-123

      at log (src/features/interview/InterviewScreen.tsx:57:11)

  console.log
    InterviewScreen candidateId: test-candidate-123

      at log (src/features/interview/InterviewScreen.tsx:57:11)

  console.log
    InterviewScreen candidateId: test-candidate-123

      at log (src/features/interview/InterviewScreen.tsx:57:11)

  console.log
    InterviewScreen candidateId: test-candidate-123

      at log (src/features/interview/InterviewScreen.tsx:57:11)

  console.log
    InterviewScreen candidateId: test-candidate-123

      at log (src/features/interview/InterviewScreen.tsx:57:11)

  console.log
    InterviewScreen candidateId: test-candidate-123

      at log (src/features/interview/InterviewScreen.tsx:57:11)

  console.log
    InterviewScreen candidateId: test-candidate-123

      at log (src/features/interview/InterviewScreen.tsx:57:11)

  console.log
    InterviewScreen candidateId: test-candidate-123

      at log (src/features/interview/InterviewScreen.tsx:57:11)

  console.log
    InterviewScreen candidateId: test-candidate-123

      at log (src/features/interview/InterviewScreen.tsx:57:11)

  console.log
    InterviewScreen candidateId: test-candidate-123

      at log (src/features/interview/InterviewScreen.tsx:57:11)

  console.log
    InterviewScreen candidateId: test-candidate-123

      at log (src/features/interview/InterviewScreen.tsx:57:11)

  console.log
    InterviewScreen candidateId: test-candidate-123

      at log (src/features/interview/InterviewScreen.tsx:57:11)

  console.log
    InterviewScreen candidateId: test-candidate-123

      at log (src/features/interview/InterviewScreen.tsx:57:11)

  console.log
    InterviewScreen candidateId: test-candidate-123

      at log (src/features/interview/InterviewScreen.tsx:57:11)

  console.log
    InterviewScreen candidateId: test-candidate-123

      at log (src/features/interview/InterviewScreen.tsx:57:11)

  console.log
    InterviewScreen candidateId: test-candidate-123

      at log (src/features/interview/InterviewScreen.tsx:57:11)

  console.log
    InterviewScreen candidateId: test-candidate-123

      at log (src/features/interview/InterviewScreen.tsx:57:11)

  console.log
    InterviewScreen candidateId: test-candidate-123

      at log (src/features/interview/InterviewScreen.tsx:57:11)

  console.log
    InterviewScreen candidateId: test-candidate-123

      at log (src/features/interview/InterviewScreen.tsx:57:11)

  console.log
    InterviewScreen candidateId: test-candidate-123

      at log (src/features/interview/InterviewScreen.tsx:57:11)

  console.log
    InterviewScreen candidateId: test-candidate-123

      at log (src/features/interview/InterviewScreen.tsx:57:11)

  console.log
    InterviewScreen candidateId: test-candidate-123

      at log (src/features/interview/InterviewScreen.tsx:57:11)

  console.log
    InterviewScreen candidateId: test-candidate-123

      at log (src/features/interview/InterviewScreen.tsx:57:11)

  console.log
    InterviewScreen candidateId: test-candidate-123

      at log (src/features/interview/InterviewScreen.tsx:57:11)

  console.log
    InterviewScreen candidateId: test-candidate-123

      at log (src/features/interview/InterviewScreen.tsx:57:11)

  console.log
    InterviewScreen candidateId: test-candidate-123

      at log (src/features/interview/InterviewScreen.tsx:57:11)

  console.log
    InterviewScreen candidateId: test-candidate-123

      at log (src/features/interview/InterviewScreen.tsx:57:11)

  console.log
    InterviewScreen candidateId: test-candidate-123

      at log (src/features/interview/InterviewScreen.tsx:57:11)

  console.log
    InterviewScreen candidateId: test-candidate-123

      at log (src/features/interview/InterviewScreen.tsx:57:11)

  console.log
    InterviewScreen candidateId: test-candidate-123

      at log (src/features/interview/InterviewScreen.tsx:57:11)

  console.log
    InterviewScreen candidateId: test-candidate-123

      at log (src/features/interview/InterviewScreen.tsx:57:11)

  console.log
    Practice session init error: Error: Failed to connect to AI
        at C:\Users\kevin\Desktop\Interview_App\src\features\interview\InterviewScreen.tsx:214:15
        at Generator.next (<anonymous>)
        at asyncGeneratorStep (C:\Users\kevin\Desktop\Interview_App\node_modules\@babel\runtime\helpers\asyncToGenerator.js:3:17)
        at _next (C:\Users\kevin\Desktop\Interview_App\node_modules\@babel\runtime\helpers\asyncToGenerator.js:17:9)

      at log (src/features/interview/InterviewScreen.tsx:234:15)

  console.log
    InterviewScreen candidateId: test-candidate-123

      at log (src/features/interview/InterviewScreen.tsx:57:11)

  console.log
    InterviewScreen candidateId: test-candidate-123

      at log (src/features/interview/InterviewScreen.tsx:57:11)

  console.log
    InterviewScreen candidateId: test-candidate-123

      at log (src/features/interview/InterviewScreen.tsx:57:11)

  console.log
    InterviewScreen candidateId: test-candidate-123

      at log (src/features/interview/InterviewScreen.tsx:57:11)

  console.log
    InterviewScreen candidateId: test-candidate-123

      at log (src/features/interview/InterviewScreen.tsx:57:11)

  console.log
    InterviewScreen candidateId: test-candidate-123

      at log (src/features/interview/InterviewScreen.tsx:57:11)

  console.log
    Practice backend error: Error: Audio upload failed
        at C:\Users\kevin\Desktop\Interview_App\src\features\interview\InterviewScreen.tsx:306:15
        at Generator.next (<anonymous>)
        at asyncGeneratorStep (C:\Users\kevin\Desktop\Interview_App\node_modules\@babel\runtime\helpers\asyncToGenerator.js:3:17)
        at _next (C:\Users\kevin\Desktop\Interview_App\node_modules\@babel\runtime\helpers\asyncToGenerator.js:17:9)

      at log (src/features/interview/InterviewScreen.tsx:366:15)

  console.log
    InterviewScreen candidateId: test-candidate-123

      at log (src/features/interview/InterviewScreen.tsx:57:11)

  console.log
    InterviewScreen candidateId: test-candidate-123

      at log (src/features/interview/InterviewScreen.tsx:57:11)

  console.log
    InterviewScreen candidateId: test-candidate-123

      at log (src/features/interview/InterviewScreen.tsx:57:11)

  console.log
    InterviewScreen candidateId: test-candidate-123

      at log (src/features/interview/InterviewScreen.tsx:57:11)

  console.log
    InterviewScreen candidateId: test-candidate-123

      at log (src/features/interview/InterviewScreen.tsx:57:11)

  console.log
    InterviewScreen candidateId: test-candidate-123

      at log (src/features/interview/InterviewScreen.tsx:57:11)

  console.log
    InterviewScreen candidateId: test-candidate-123

      at log (src/features/interview/InterviewScreen.tsx:57:11)

  console.log
    InterviewScreen candidateId: test-candidate-123

      at log (src/features/interview/InterviewScreen.tsx:57:11)

FAIL src/features/interview/__tests__/InterviewScreen.test.tsx (6.813 s)
  InterviewScreen
    √ 1. loads initial question on mount (276 ms)
    √ 2. successful question submission flow (208 ms)
    √ 3. progression to next question after submit (36 ms)
    √ 4. session complete state when practiceComplete is true (41 ms)
    √ 5. timer cleanup on unmount (29 ms)
    √ 6. replay question triggering speech again (19 ms)
    √ 7. handles start session failure correctly (32 ms)
    √ 8. handles answer submission failure correctly (34 ms)
    √ 9. prevents state update if unmounted during initialization (12 ms)
    × 10. prevents state update if unmounted during submission error (5012 ms)

  ● InterviewScreen › 10. prevents state update if unmounted during submission error

    thrown: "Exceeded timeout of 5000 ms for a test.
    Add a timeout value to this test to increase the timeout, if this is a long-running test. See https://jestjs.io/docs/api#testname-fn-timeout."

    [0m [90m 375 |[39m   })[33m;[39m
     [90m 376 |[39m
    [31m[1m>[22m[39m[90m 377 |[39m   it([32m'10. prevents state update if unmounted during submission error'[39m[33m,[39m [36masync[39m () [33m=>[39m {
     [90m     |[39m   [31m[1m^[22m[39m
     [90m 378 |[39m     mockStartPractice[33m.[39mmockResolvedValueOnce({
     [90m 379 |[39m       data[33m:[39m { id[33m:[39m [32m'q-1'[39m[33m,[39m text[33m:[39m [32m'First question text.'[39m }[33m,[39m
     [90m 380 |[39m     })[33m;[39m[0m

      at it (src/features/interview/__tests__/InterviewScreen.test.tsx:377:3)
      at Object.describe (src/features/interview/__tests__/InterviewScreen.test.tsx:49:1)

Test Suites: 1 failed, 1 total
Tests:       1 failed, 9 passed, 10 total
Snapshots:   0 total
Time:        7.046 s, estimated 9 s
Ran all test suites matching /src\\features\\interview\\__tests__\\InterviewScreen.test.tsx/i.
